--- attempt 1/1 ---

> industrial-shadow-sandbox-web@0.1.0 build
> vue-tsc --noEmit && vite build

vite v6.4.3 building for production...
transforming...
✓ 84 modules transformed.
rendering chunks...
computing gzip size...
dist/index.html                                                           0.41 kB │ gzip:  0.28 kB
dist/assets/index-CcSv7R7k.css                                            5.34 kB │ gzip:  1.80 kB
dist/assets/AsyncState.vue_vue_type_script_setup_true_lang-d4dyBJCA.js    0.57 kB │ gzip:  0.34 kB
dist/assets/NotFound-DbbbM1Ir.js                                          0.57 kB │ gzip:  0.40 kB
dist/assets/AuthCallback-3YA5pQzR.js                                      0.71 kB │ gzip:  0.49 kB
dist/assets/AdminView-Bgcc-V3j.js                                         1.13 kB │ gzip:  0.67 kB
dist/assets/EdgeView-CLdx865f.js                                          1.33 kB │ gzip:  0.79 kB
dist/assets/ApprovalsView-JX_TIwbI.js                                     1.39 kB │ gzip:  0.78 kB
dist/assets/ImportsView-D4DwazS0.js                                       1.42 kB │ gzip:  0.82 kB
dist/assets/ScenariosView-DyiW5IHR.js                                     1.48 kB │ gzip:  0.84 kB
dist/assets/SystemHome-DSXMPU9o.js                                        1.79 kB │ gzip:  1.01 kB
dist/assets/EvaluationView-l7D7RKRp.js                                    1.87 kB │ gzip:  0.95 kB
dist/assets/AssetsView-Wse0C1pW.js                                        1.91 kB │ gzip:  0.96 kB
dist/assets/DiagnosisView-3qjMWT00.js                                     1.96 kB │ gzip:  1.00 kB
dist/assets/RunsView-jT6V9DFZ.js                                          2.06 kB │ gzip:  1.06 kB
dist/assets/index-sz2D4ch7.js                                           115.60 kB │ gzip: 44.08 kB
✓ built in 346ms
