--- attempt 1/1 ---

> industrial-shadow-sandbox-web@0.1.0 build
> vue-tsc --noEmit && vite build

[36mvite v6.4.3 [32mbuilding for production...[36m[39m
transforming...
[32m✓[39m 138 modules transformed.
rendering chunks...
computing gzip size...
[2mdist/[22m[32mindex.html                                                         [39m[1m[2m  0.41 kB[22m[1m[22m[2m │ gzip:  0.28 kB[22m
[2mdist/[22m[2massets/[22m[35mindex-CcSv7R7k.css                                          [39m[1m[2m  5.34 kB[22m[1m[22m[2m │ gzip:  1.80 kB[22m
[2mdist/[22m[2massets/[22m[36mAsyncState.vue_vue_type_script_setup_true_lang-B3w9A3h4.js  [39m[1m[2m  0.57 kB[22m[1m[22m[2m │ gzip:  0.34 kB[22m
[2mdist/[22m[2massets/[22m[36mNotFound-rO5N5KA6.js                                        [39m[1m[2m  0.57 kB[22m[1m[22m[2m │ gzip:  0.40 kB[22m
[2mdist/[22m[2massets/[22m[36mAuthCallback-BNSBEQVm.js                                    [39m[1m[2m  0.71 kB[22m[1m[22m[2m │ gzip:  0.48 kB[22m
[2mdist/[22m[2massets/[22m[36mAdminView-D8BVT9jA.js                                       [39m[1m[2m  1.13 kB[22m[1m[22m[2m │ gzip:  0.67 kB[22m
[2mdist/[22m[2massets/[22m[36mEdgeView-SDl1sASI.js                                        [39m[1m[2m  1.33 kB[22m[1m[22m[2m │ gzip:  0.79 kB[22m
[2mdist/[22m[2massets/[22m[36mApprovalsView-8SgoKRBG.js                                   [39m[1m[2m  1.39 kB[22m[1m[22m[2m │ gzip:  0.78 kB[22m
[2mdist/[22m[2massets/[22m[36mImportsView-CUhGrXI6.js                                     [39m[1m[2m  1.42 kB[22m[1m[22m[2m │ gzip:  0.82 kB[22m
[2mdist/[22m[2massets/[22m[36mScenariosView-GRtd1HMz.js                                   [39m[1m[2m  1.48 kB[22m[1m[22m[2m │ gzip:  0.84 kB[22m
[2mdist/[22m[2massets/[22m[36mSystemHome-BLVgkVx7.js                                      [39m[1m[2m  1.79 kB[22m[1m[22m[2m │ gzip:  1.01 kB[22m
[2mdist/[22m[2massets/[22m[36mEvaluationView-CSSpgrlV.js                                  [39m[1m[2m  1.87 kB[22m[1m[22m[2m │ gzip:  0.95 kB[22m
[2mdist/[22m[2massets/[22m[36mAssetsView-CUsiBDuu.js                                      [39m[1m[2m  1.91 kB[22m[1m[22m[2m │ gzip:  0.96 kB[22m
[2mdist/[22m[2massets/[22m[36mDiagnosisView-C2edUfBA.js                                   [39m[1m[2m  1.96 kB[22m[1m[22m[2m │ gzip:  1.00 kB[22m
[2mdist/[22m[2massets/[22m[36mRunsView-Cx7GgqAv.js                                        [39m[1m[2m  2.06 kB[22m[1m[22m[2m │ gzip:  1.06 kB[22m
[2mdist/[22m[2massets/[22m[36mindex-NtbJyQeu.js                                           [39m[1m[2m139.16 kB[22m[1m[22m[2m │ gzip: 52.09 kB[22m
[32m✓ built in 1.14s[39m
