--- attempt 1/1 ---
#0 building with "desktop-linux" instance using docker driver

#1 [internal] load build definition from Dockerfile.backend
#1 transferring dockerfile: 1.28kB done
#1 DONE 0.0s

#2 [internal] load metadata for docker.io/library/python:3.12-slim@sha256:423ed6ab25b1921a477529254bfeeabf5855151dc2c3141699a1bfc852199fbf
#2 DONE 1.9s

#3 [internal] load .dockerignore
#3 transferring context: 255B done
#3 DONE 0.0s

#4 [1/9] FROM docker.io/library/python:3.12-slim@sha256:423ed6ab25b1921a477529254bfeeabf5855151dc2c3141699a1bfc852199fbf
#4 resolve docker.io/library/python:3.12-slim@sha256:423ed6ab25b1921a477529254bfeeabf5855151dc2c3141699a1bfc852199fbf done
#4 DONE 0.0s

#5 [internal] load build context
#5 transferring context: 863.82kB 0.0s done
#5 DONE 0.0s

#6 [4/9] COPY backend/requirements.runtime.lock /app/backend/requirements.runtime.lock
#6 CACHED

#7 [2/9] WORKDIR /app
#7 CACHED

#8 [3/9] RUN sed -i       -e 's|URIs: http://deb.debian.org/debian$|URIs: https://snapshot.debian.org/archive/debian/20260623T000000Z|'       -e 's|URIs: http://deb.debian.org/debian-security$|URIs: https://snapshot.debian.org/archive/debian-security/20260623T000000Z|'       /etc/apt/sources.list.d/debian.sources     && apt-get -o Acquire::Check-Valid-Until=false update     && apt-get install -y --no-install-recommends postgresql-client     && rm -rf /var/lib/apt/lists/*
#8 CACHED

#9 [5/9] RUN pip install --no-cache-dir --retries 5 --require-hashes -r /app/backend/requirements.runtime.lock
#9 CACHED

#10 [6/9] COPY backend/src /app/backend/src
#10 DONE 0.1s

#11 [7/9] COPY services /app/services
#11 DONE 0.0s

#12 [8/9] COPY migrations /app/migrations
#12 DONE 0.0s

#13 [9/9] RUN mkdir -p /app/.runtime && chown -R 65532:65532 /app/.runtime
#13 DONE 0.1s

#14 exporting to image
#14 exporting layers 0.0s done
#14 exporting manifest sha256:0bd3dbf793d9a3d0b16182cdf3a8c3819c8a0c1e701b081ff8dc55c3a7c5c753 done
#14 exporting config sha256:cb2161bab279f5220c3b6a227746a53c2d8a0c0734f9130752dbbf125cf0768e done
#14 exporting attestation manifest sha256:cf9b8c639014070df371a315ca75368c0c9840888e9b4a23bc4d226c151c1416 done
#14 exporting manifest list sha256:cca0f8451c4f6a7cc675e2da215eb7a47d9a4dcac99daca941166cc8c19a6cfc done
#14 naming to docker.io/library/industryshadow-backend:smoke done
#14 unpacking to docker.io/library/industryshadow-backend:smoke 0.0s done
#14 DONE 0.1s

View build details: docker-desktop://dashboard/build/desktop-linux/desktop-linux/ivt6udo5ojosqq1b9h28cq4a8
#0 building with "desktop-linux" instance using docker driver

#1 [internal] load build definition from Dockerfile.web
#1 transferring dockerfile: 506B done
#1 DONE 0.0s

#2 [internal] load metadata for docker.io/library/node:24.4.1-alpine3.22@sha256:820e86612c21d0636580206d802a726f2595366e1b867e564cbc652024151e8a
#2 DONE 0.0s

#3 [internal] load metadata for docker.io/nginxinc/nginx-unprivileged:1.27.4-alpine3.21@sha256:62a904036bfc0e4a4f2b556e34cbf17bc136b47fde8cdb4628762725f48c5782
#3 DONE 0.0s

#4 [internal] load .dockerignore
#4 transferring context: 255B done
#4 DONE 0.0s

#5 [internal] load build context
#5 transferring context: 162.02kB done
#5 DONE 0.0s

#6 [stage-1 1/3] FROM docker.io/nginxinc/nginx-unprivileged:1.27.4-alpine3.21@sha256:62a904036bfc0e4a4f2b556e34cbf17bc136b47fde8cdb4628762725f48c5782
#6 resolve docker.io/nginxinc/nginx-unprivileged:1.27.4-alpine3.21@sha256:62a904036bfc0e4a4f2b556e34cbf17bc136b47fde8cdb4628762725f48c5782 0.0s done
#6 DONE 0.0s

#7 [build 1/6] FROM docker.io/library/node:24.4.1-alpine3.22@sha256:820e86612c21d0636580206d802a726f2595366e1b867e564cbc652024151e8a
#7 resolve docker.io/library/node:24.4.1-alpine3.22@sha256:820e86612c21d0636580206d802a726f2595366e1b867e564cbc652024151e8a 0.0s done
#7 DONE 0.0s

#8 [build 4/6] RUN npm ci --ignore-scripts
#8 CACHED

#9 [build 6/6] RUN npm run build
#9 CACHED

#10 [build 3/6] COPY web/package.json web/package-lock.json* ./
#10 CACHED

#11 [build 2/6] WORKDIR /app
#11 CACHED

#12 [stage-1 2/3] COPY --from=build /app/dist /usr/share/nginx/html
#12 CACHED

#13 [build 5/6] COPY web/ .
#13 CACHED

#14 [stage-1 3/3] COPY deploy/compose/nginx.conf /etc/nginx/conf.d/default.conf
#14 CACHED

#15 exporting to image
#15 exporting layers done
#15 exporting manifest sha256:6323d2f31043018e80e9938f5630765be5ea709de9e70ae8e51d73ed81c84386 done
#15 exporting config sha256:8591c60d6deeaf9ba8a34541eae8e9f7b789d9f9cf822bc00989d5d97d6535bc done
#15 exporting attestation manifest sha256:ab630b716d3a163dee6a0c5b40aa32b57771aa38c68d23e4b78291ed8fd4a334 done
#15 exporting manifest list sha256:94bba09784564aaf9582aa01d34f9229e417e3e94d571904c7f4f5df14acd50d done
#15 naming to docker.io/library/industryshadow-web:smoke done
#15 unpacking to docker.io/library/industryshadow-web:smoke 0.0s done
#15 DONE 0.1s

View build details: docker-desktop://dashboard/build/desktop-linux/desktop-linux/dfyvzjbv9bsbglxebpom04hrh
Backend and web images passed non-root, read-only runtime, health, OpenAPI, candidate-digest, security-header, and source-map denial checks.
