--- attempt 1/1 ---
#0 building with "default" instance using docker driver

#1 [internal] load build definition from Dockerfile.backend
#1 transferring dockerfile: 1.28kB 0.0s done
#1 DONE 0.0s

#2 [internal] load metadata for docker.io/library/python:3.12-slim@sha256:423ed6ab25b1921a477529254bfeeabf5855151dc2c3141699a1bfc852199fbf
#2 ...

#3 [auth] library/python:pull token for registry-1.docker.io
#3 DONE 0.0s

#2 [internal] load metadata for docker.io/library/python:3.12-slim@sha256:423ed6ab25b1921a477529254bfeeabf5855151dc2c3141699a1bfc852199fbf
#2 DONE 0.8s

#4 [internal] load .dockerignore
#4 transferring context: 255B done
#4 DONE 0.0s

#5 [internal] load build context
#5 transferring context: 1.48MB 0.0s done
#5 DONE 0.0s

#6 [1/9] FROM docker.io/library/python:3.12-slim@sha256:423ed6ab25b1921a477529254bfeeabf5855151dc2c3141699a1bfc852199fbf
#6 resolve docker.io/library/python:3.12-slim@sha256:423ed6ab25b1921a477529254bfeeabf5855151dc2c3141699a1bfc852199fbf done
#6 sha256:423ed6ab25b1921a477529254bfeeabf5855151dc2c3141699a1bfc852199fbf 10.37kB / 10.37kB done
#6 sha256:86d3e4424d5e963e60594a3a6b4d597cc4d41f5152fe67a97a40dca9ea092475 1.75kB / 1.75kB done
#6 sha256:9cbfea842643d1cf45df5d841ac78e8cc1a8bfbcc36934a9d31fdc964fcc5917 5.66kB / 5.66kB done
#6 sha256:e95a6c7ea7d49b37920899b023ecd0e32796c976c1748491f76cae53ba86d13a 0B / 29.79MB 0.1s
#6 sha256:aff2d9f8dc87f4c10bbb7f438f3a325169379776bdfad5c49e4be5acc3c2f192 0B / 1.29MB 0.1s
#6 sha256:df79d931cd67092e2b8e48d8f6369922571efe4ee0f9af71636ce36600481492 0B / 12.11MB 0.1s
#6 sha256:e95a6c7ea7d49b37920899b023ecd0e32796c976c1748491f76cae53ba86d13a 13.63MB / 29.79MB 0.3s
#6 sha256:e95a6c7ea7d49b37920899b023ecd0e32796c976c1748491f76cae53ba86d13a 29.79MB / 29.79MB 0.4s done
#6 sha256:aff2d9f8dc87f4c10bbb7f438f3a325169379776bdfad5c49e4be5acc3c2f192 1.29MB / 1.29MB 0.3s done
#6 sha256:df79d931cd67092e2b8e48d8f6369922571efe4ee0f9af71636ce36600481492 4.19MB / 12.11MB 0.4s
#6 extracting sha256:e95a6c7ea7d49b37920899b023ecd0e32796c976c1748491f76cae53ba86d13a 0.1s
#6 sha256:b32430367bf08f32c23778909985ac645d1794f0aeef670aa796a50c8751527d 248B / 248B 0.4s done
#6 sha256:df79d931cd67092e2b8e48d8f6369922571efe4ee0f9af71636ce36600481492 12.11MB / 12.11MB 0.4s done
#6 extracting sha256:e95a6c7ea7d49b37920899b023ecd0e32796c976c1748491f76cae53ba86d13a 0.9s done
#6 extracting sha256:aff2d9f8dc87f4c10bbb7f438f3a325169379776bdfad5c49e4be5acc3c2f192 0.1s done
#6 extracting sha256:df79d931cd67092e2b8e48d8f6369922571efe4ee0f9af71636ce36600481492 0.1s
#6 extracting sha256:df79d931cd67092e2b8e48d8f6369922571efe4ee0f9af71636ce36600481492 0.5s done
#6 extracting sha256:b32430367bf08f32c23778909985ac645d1794f0aeef670aa796a50c8751527d
#6 extracting sha256:b32430367bf08f32c23778909985ac645d1794f0aeef670aa796a50c8751527d done
#6 DONE 2.1s

#7 [2/9] WORKDIR /app
#7 DONE 0.0s

#8 [3/9] RUN sed -i       -e 's|URIs: http://deb.debian.org/debian$|URIs: https://snapshot.debian.org/archive/debian/20260623T000000Z|'       -e 's|URIs: http://deb.debian.org/debian-security$|URIs: https://snapshot.debian.org/archive/debian-security/20260623T000000Z|'       /etc/apt/sources.list.d/debian.sources     && apt-get -o Acquire::Check-Valid-Until=false update     && apt-get install -y --no-install-recommends postgresql-client     && rm -rf /var/lib/apt/lists/*
#8 1.063 Get:1 https://snapshot.debian.org/archive/debian/20260623T000000Z trixie InRelease [140 kB]
#8 1.117 Get:2 https://snapshot.debian.org/archive/debian/20260623T000000Z trixie-updates InRelease [47.3 kB]
#8 1.141 Get:3 https://snapshot.debian.org/archive/debian-security/20260623T000000Z trixie-security InRelease [43.4 kB]
#8 1.552 Get:4 https://snapshot.debian.org/archive/debian/20260623T000000Z trixie/main amd64 Packages [9671 kB]
#8 1.739 Get:5 https://snapshot.debian.org/archive/debian/20260623T000000Z trixie-updates/main amd64 Packages [5412 B]
#8 1.758 Get:6 https://snapshot.debian.org/archive/debian-security/20260623T000000Z trixie-security/main amd64 Packages [222 kB]
#8 2.446 Fetched 10.1 MB in 2s (4388 kB/s)
#8 2.446 Reading package lists...
#8 2.953 Reading package lists...
#8 3.442 Building dependency tree...
#8 3.565 Reading state information...
#8 3.705 The following additional packages will be installed:
#8 3.705   libcom-err2 libgdbm-compat4t64 libgssapi-krb5-2 libk5crypto3 libkeyutils1
#8 3.705   libkrb5-3 libkrb5support0 libldap2 libperl5.40 libpq5 libsasl2-2
#8 3.706   libsasl2-modules-db perl perl-modules-5.40 postgresql-client-17
#8 3.706   postgresql-client-common sensible-utils
#8 3.706 Suggested packages:
#8 3.706   krb5-doc krb5-user perl-doc libterm-readline-gnu-perl
#8 3.706   | libterm-readline-perl-perl make libtap-harness-archive-perl postgresql-17
#8 3.706   postgresql-doc-17
#8 3.706 Recommended packages:
#8 3.706   krb5-locales libldap-common libsasl2-modules
#8 3.805 The following NEW packages will be installed:
#8 3.805   libcom-err2 libgdbm-compat4t64 libgssapi-krb5-2 libk5crypto3 libkeyutils1
#8 3.805   libkrb5-3 libkrb5support0 libldap2 libperl5.40 libpq5 libsasl2-2
#8 3.805   libsasl2-modules-db perl perl-modules-5.40 postgresql-client
#8 3.806   postgresql-client-17 postgresql-client-common sensible-utils
#8 10.67 0 upgraded, 18 newly installed, 0 to remove and 0 not upgraded.
#8 10.67 Need to get 10.9 MB of archives.
#8 10.67 After this operation, 66.4 MB of additional disk space will be used.
#8 10.67 Get:1 https://snapshot.debian.org/archive/debian/20260623T000000Z trixie/main amd64 sensible-utils all 0.0.25 [25.0 kB]
#8 10.68 Get:2 https://snapshot.debian.org/archive/debian/20260623T000000Z trixie/main amd64 perl-modules-5.40 all 5.40.1-6 [3019 kB]
#8 10.83 Get:3 https://snapshot.debian.org/archive/debian/20260623T000000Z trixie/main amd64 libgdbm-compat4t64 amd64 1.24-2 [50.3 kB]
#8 10.83 Get:4 https://snapshot.debian.org/archive/debian/20260623T000000Z trixie/main amd64 libperl5.40 amd64 5.40.1-6 [4341 kB]
#8 10.87 Get:5 https://snapshot.debian.org/archive/debian/20260623T000000Z trixie/main amd64 perl amd64 5.40.1-6 [267 kB]
#8 10.88 Get:6 https://snapshot.debian.org/archive/debian/20260623T000000Z trixie/main amd64 libcom-err2 amd64 1.47.2-3+b11 [25.0 kB]
#8 10.88 Get:7 https://snapshot.debian.org/archive/debian-security/20260623T000000Z trixie-security/main amd64 libkrb5support0 amd64 1.21.3-5+deb13u1 [33.1 kB]
#8 10.88 Get:8 https://snapshot.debian.org/archive/debian-security/20260623T000000Z trixie-security/main amd64 libk5crypto3 amd64 1.21.3-5+deb13u1 [81.2 kB]
#8 10.88 Get:9 https://snapshot.debian.org/archive/debian/20260623T000000Z trixie/main amd64 libkeyutils1 amd64 1.6.3-6 [9456 B]
#8 10.88 Get:10 https://snapshot.debian.org/archive/debian-security/20260623T000000Z trixie-security/main amd64 libkrb5-3 amd64 1.21.3-5+deb13u1 [326 kB]
#8 10.88 Get:11 https://snapshot.debian.org/archive/debian-security/20260623T000000Z trixie-security/main amd64 libgssapi-krb5-2 amd64 1.21.3-5+deb13u1 [138 kB]
#8 10.88 Get:12 https://snapshot.debian.org/archive/debian/20260623T000000Z trixie/main amd64 libsasl2-modules-db amd64 2.1.28+dfsg1-9 [19.8 kB]
#8 10.88 Get:13 https://snapshot.debian.org/archive/debian/20260623T000000Z trixie/main amd64 libsasl2-2 amd64 2.1.28+dfsg1-9 [57.5 kB]
#8 10.89 Get:14 https://snapshot.debian.org/archive/debian/20260623T000000Z trixie/main amd64 libldap2 amd64 2.6.10+dfsg-1 [194 kB]
#8 10.90 Get:15 https://snapshot.debian.org/archive/debian-security/20260623T000000Z trixie-security/main amd64 libpq5 amd64 17.10-0+deb13u1 [230 kB]
#8 10.91 Get:16 https://snapshot.debian.org/archive/debian/20260623T000000Z trixie/main amd64 postgresql-client-common all 278 [47.1 kB]
#8 10.91 Get:17 https://snapshot.debian.org/archive/debian-security/20260623T000000Z trixie-security/main amd64 postgresql-client-17 amd64 17.10-0+deb13u1 [2052 kB]
#8 10.92 Get:18 https://snapshot.debian.org/archive/debian/20260623T000000Z trixie/main amd64 postgresql-client all 17+278 [14.0 kB]
#8 11.04 debconf: unable to initialize frontend: Dialog
#8 11.04 debconf: (TERM is not set, so the dialog frontend is not usable.)
#8 11.04 debconf: falling back to frontend: Readline
#8 11.04 debconf: unable to initialize frontend: Readline
#8 11.04 debconf: (Can't locate Term/ReadLine.pm in @INC (you may need to install the Term::ReadLine module) (@INC entries checked: /etc/perl /usr/local/lib/x86_64-linux-gnu/perl/5.40.1 /usr/local/share/perl/5.40.1 /usr/lib/x86_64-linux-gnu/perl5/5.40 /usr/share/perl5 /usr/lib/x86_64-linux-gnu/perl-base /usr/lib/x86_64-linux-gnu/perl/5.40 /usr/share/perl/5.40 /usr/local/lib/site_perl) at /usr/share/perl5/Debconf/FrontEnd/Readline.pm line 8, <STDIN> line 18.)
#8 11.04 debconf: falling back to frontend: Teletype
#8 11.05 debconf: unable to initialize frontend: Teletype
#8 11.05 debconf: (This frontend requires a controlling tty.)
#8 11.05 debconf: falling back to frontend: Noninteractive
#8 11.55 Fetched 10.9 MB in 7s (1538 kB/s)
#8 11.57 Selecting previously unselected package sensible-utils.
#8 11.57 (Reading database ...
(Reading database ... 5%
(Reading database ... 10%
(Reading database ... 15%
(Reading database ... 20%
(Reading database ... 25%
(Reading database ... 30%
(Reading database ... 35%
(Reading database ... 40%
(Reading database ... 45%
(Reading database ... 50%
(Reading database ... 55%
(Reading database ... 60%
(Reading database ... 65%
(Reading database ... 70%
(Reading database ... 75%
(Reading database ... 80%
(Reading database ... 85%
(Reading database ... 90%
(Reading database ... 95%
(Reading database ... 100%
(Reading database ... 5645 files and directories currently installed.)
#8 11.57 Preparing to unpack .../00-sensible-utils_0.0.25_all.deb ...
#8 11.57 Unpacking sensible-utils (0.0.25) ...
#8 11.59 Selecting previously unselected package perl-modules-5.40.
#8 11.59 Preparing to unpack .../01-perl-modules-5.40_5.40.1-6_all.deb ...
#8 11.59 Unpacking perl-modules-5.40 (5.40.1-6) ...
#8 11.83 Selecting previously unselected package libgdbm-compat4t64:amd64.
#8 11.83 Preparing to unpack .../02-libgdbm-compat4t64_1.24-2_amd64.deb ...
#8 11.83 Unpacking libgdbm-compat4t64:amd64 (1.24-2) ...
#8 11.84 Selecting previously unselected package libperl5.40:amd64.
#8 11.85 Preparing to unpack .../03-libperl5.40_5.40.1-6_amd64.deb ...
#8 11.85 Unpacking libperl5.40:amd64 (5.40.1-6) ...
#8 12.07 Selecting previously unselected package perl.
#8 12.07 Preparing to unpack .../04-perl_5.40.1-6_amd64.deb ...
#8 12.07 Unpacking perl (5.40.1-6) ...
#8 12.09 Selecting previously unselected package libcom-err2:amd64.
#8 12.10 Preparing to unpack .../05-libcom-err2_1.47.2-3+b11_amd64.deb ...
#8 12.10 Unpacking libcom-err2:amd64 (1.47.2-3+b11) ...
#8 12.11 Selecting previously unselected package libkrb5support0:amd64.
#8 12.11 Preparing to unpack .../06-libkrb5support0_1.21.3-5+deb13u1_amd64.deb ...
#8 12.11 Unpacking libkrb5support0:amd64 (1.21.3-5+deb13u1) ...
#8 12.13 Selecting previously unselected package libk5crypto3:amd64.
#8 12.13 Preparing to unpack .../07-libk5crypto3_1.21.3-5+deb13u1_amd64.deb ...
#8 12.13 Unpacking libk5crypto3:amd64 (1.21.3-5+deb13u1) ...
#8 12.15 Selecting previously unselected package libkeyutils1:amd64.
#8 12.15 Preparing to unpack .../08-libkeyutils1_1.6.3-6_amd64.deb ...
#8 12.15 Unpacking libkeyutils1:amd64 (1.6.3-6) ...
#8 12.17 Selecting previously unselected package libkrb5-3:amd64.
#8 12.17 Preparing to unpack .../09-libkrb5-3_1.21.3-5+deb13u1_amd64.deb ...
#8 12.17 Unpacking libkrb5-3:amd64 (1.21.3-5+deb13u1) ...
#8 12.20 Selecting previously unselected package libgssapi-krb5-2:amd64.
#8 12.20 Preparing to unpack .../10-libgssapi-krb5-2_1.21.3-5+deb13u1_amd64.deb ...
#8 12.20 Unpacking libgssapi-krb5-2:amd64 (1.21.3-5+deb13u1) ...
#8 12.22 Selecting previously unselected package libsasl2-modules-db:amd64.
#8 12.22 Preparing to unpack .../11-libsasl2-modules-db_2.1.28+dfsg1-9_amd64.deb ...
#8 12.22 Unpacking libsasl2-modules-db:amd64 (2.1.28+dfsg1-9) ...
#8 12.24 Selecting previously unselected package libsasl2-2:amd64.
#8 12.24 Preparing to unpack .../12-libsasl2-2_2.1.28+dfsg1-9_amd64.deb ...
#8 12.24 Unpacking libsasl2-2:amd64 (2.1.28+dfsg1-9) ...
#8 12.25 Selecting previously unselected package libldap2:amd64.
#8 12.26 Preparing to unpack .../13-libldap2_2.6.10+dfsg-1_amd64.deb ...
#8 12.26 Unpacking libldap2:amd64 (2.6.10+dfsg-1) ...
#8 12.28 Selecting previously unselected package libpq5:amd64.
#8 12.28 Preparing to unpack .../14-libpq5_17.10-0+deb13u1_amd64.deb ...
#8 12.28 Unpacking libpq5:amd64 (17.10-0+deb13u1) ...
#8 12.31 Selecting previously unselected package postgresql-client-common.
#8 12.31 Preparing to unpack .../15-postgresql-client-common_278_all.deb ...
#8 12.31 Unpacking postgresql-client-common (278) ...
#8 12.33 Selecting previously unselected package postgresql-client-17.
#8 12.33 Preparing to unpack .../16-postgresql-client-17_17.10-0+deb13u1_amd64.deb ...
#8 12.33 Unpacking postgresql-client-17 (17.10-0+deb13u1) ...
#8 12.44 Selecting previously unselected package postgresql-client.
#8 12.44 Preparing to unpack .../17-postgresql-client_17+278_all.deb ...
#8 12.44 Unpacking postgresql-client (17+278) ...
#8 12.46 Setting up libkeyutils1:amd64 (1.6.3-6) ...
#8 12.46 Setting up libgdbm-compat4t64:amd64 (1.24-2) ...
#8 12.46 Setting up libcom-err2:amd64 (1.47.2-3+b11) ...
#8 12.46 Setting up libkrb5support0:amd64 (1.21.3-5+deb13u1) ...
#8 12.47 Setting up libsasl2-modules-db:amd64 (2.1.28+dfsg1-9) ...
#8 12.47 Setting up libk5crypto3:amd64 (1.21.3-5+deb13u1) ...
#8 12.47 Setting up libsasl2-2:amd64 (2.1.28+dfsg1-9) ...
#8 12.47 Setting up perl-modules-5.40 (5.40.1-6) ...
#8 12.47 Setting up sensible-utils (0.0.25) ...
#8 12.48 Setting up libkrb5-3:amd64 (1.21.3-5+deb13u1) ...
#8 12.48 Setting up libldap2:amd64 (2.6.10+dfsg-1) ...
#8 12.48 Setting up libperl5.40:amd64 (5.40.1-6) ...
#8 12.48 Setting up perl (5.40.1-6) ...
#8 12.49 Setting up libgssapi-krb5-2:amd64 (1.21.3-5+deb13u1) ...
#8 12.49 Setting up postgresql-client-common (278) ...
#8 12.50 Setting up libpq5:amd64 (17.10-0+deb13u1) ...
#8 12.50 Setting up postgresql-client-17 (17.10-0+deb13u1) ...
#8 12.85 update-alternatives: using /usr/share/postgresql/17/man/man1/psql.1.gz to provide /usr/share/man/man1/psql.1.gz (psql.1.gz) in auto mode
#8 12.89 Setting up postgresql-client (17+278) ...
#8 12.90 Processing triggers for libc-bin (2.41-12+deb13u3) ...
#8 DONE 13.0s

#9 [4/9] COPY backend/requirements.runtime.lock /app/backend/requirements.runtime.lock
#9 DONE 0.0s

#10 [5/9] RUN pip install --no-cache-dir --retries 5 --require-hashes -r /app/backend/requirements.runtime.lock
#10 1.472 Ignoring colorama: markers 'sys_platform == "win32"' don't match your environment
#10 1.472 Ignoring tzdata: markers 'sys_platform == "win32"' don't match your environment
#10 1.553 Collecting aiofiles==25.1.0 (from -r /app/backend/requirements.runtime.lock (line 3))
#10 1.636   Downloading aiofiles-25.1.0-py3-none-any.whl (14 kB)
#10 1.668 Collecting aiosqlite==0.22.1 (from -r /app/backend/requirements.runtime.lock (line 7))
#10 1.687   Downloading aiosqlite-0.22.1-py3-none-any.whl (17 kB)
#10 1.732 Collecting alembic==1.19.0 (from -r /app/backend/requirements.runtime.lock (line 11))
#10 1.753   Downloading alembic-1.19.0-py3-none-any.whl (265 kB)
#10 1.831 Collecting annotated-doc==0.0.5 (from -r /app/backend/requirements.runtime.lock (line 15))
#10 1.850   Downloading annotated_doc-0.0.5-py3-none-any.whl (5.3 kB)
#10 1.872 Collecting annotated-types==0.8.0 (from -r /app/backend/requirements.runtime.lock (line 19))
#10 1.892   Downloading annotated_types-0.8.0-py3-none-any.whl (13 kB)
#10 1.924 Collecting anyio==4.14.2 (from -r /app/backend/requirements.runtime.lock (line 23))
#10 1.944   Downloading anyio-4.14.2-py3-none-any.whl (125 kB)
#10 1.978 Collecting asgiref==3.12.1 (from -r /app/backend/requirements.runtime.lock (line 27))
#10 1.997   Downloading asgiref-3.12.1-py3-none-any.whl (25 kB)
#10 2.026 Collecting asyncua==1.1.8 (from -r /app/backend/requirements.runtime.lock (line 31))
#10 2.047   Downloading asyncua-1.1.8-py3-none-any.whl (1.1 MB)
#10 2.103      ━━━━━━━━━━━━━━━━━━━━━━━━━━━━━━━━━━━━━━━━ 1.1/1.1 MB 24.7 MB/s eta 0:00:00
#10 2.432 Collecting boto3==1.43.67 (from -r /app/backend/requirements.runtime.lock (line 35))
#10 2.451   Downloading boto3-1.43.67-py3-none-any.whl (140 kB)
#10 2.791 Collecting botocore==1.43.67 (from -r /app/backend/requirements.runtime.lock (line 39))
#10 2.811   Downloading botocore-1.43.67-py3-none-any.whl (15.6 MB)
#10 2.918      ━━━━━━━━━━━━━━━━━━━━━━━━━━━━━━━━━━━━━━━ 15.6/15.6 MB 147.8 MB/s eta 0:00:00
#10 3.033 Collecting cffi==2.1.1 (from -r /app/backend/requirements.runtime.lock (line 45))
#10 3.053   Downloading cffi-2.1.1-cp312-cp312-manylinux2014_x86_64.manylinux_2_17_x86_64.whl (221 kB)
#10 3.084 Collecting click==8.4.2 (from -r /app/backend/requirements.runtime.lock (line 147))
#10 3.103   Downloading click-8.4.2-py3-none-any.whl (119 kB)
#10 3.259 Collecting cryptography==50.0.0 (from -r /app/backend/requirements.runtime.lock (line 155))
#10 3.279   Downloading cryptography-50.0.0-cp311-abi3-manylinux_2_34_x86_64.whl (4.7 MB)
#10 3.287      ━━━━━━━━━━━━━━━━━━━━━━━━━━━━━━━━━━━━━━━━ 4.7/4.7 MB 728.4 MB/s eta 0:00:00
#10 3.350 Collecting fastapi==0.141.1 (from -r /app/backend/requirements.runtime.lock (line 207))
#10 3.369   Downloading fastapi-0.141.1-py3-none-any.whl (131 kB)
#10 3.403 Collecting googleapis-common-protos==1.75.1 (from -r /app/backend/requirements.runtime.lock (line 211))
#10 3.422   Downloading googleapis_common_protos-1.75.1-py3-none-any.whl (300 kB)
#10 3.546 Collecting greenlet==3.5.4 (from -r /app/backend/requirements.runtime.lock (line 215))
#10 3.565   Downloading greenlet-3.5.4-cp312-cp312-manylinux_2_24_x86_64.manylinux_2_28_x86_64.whl (621 kB)
#10 3.568      ━━━━━━━━━━━━━━━━━━━━━━━━━━━━━━━━━━━━━ 621.5/621.5 kB 637.1 MB/s eta 0:00:00
#10 3.985 Collecting grpcio==1.83.0 (from -r /app/backend/requirements.runtime.lock (line 296))
#10 4.005   Downloading grpcio-1.83.0-cp312-cp312-manylinux2014_x86_64.manylinux_2_17_x86_64.whl (7.0 MB)
#10 4.018      ━━━━━━━━━━━━━━━━━━━━━━━━━━━━━━━━━━━━━━━━ 7.0/7.0 MB 643.7 MB/s eta 0:00:00
#10 4.047 Collecting h11==0.16.0 (from -r /app/backend/requirements.runtime.lock (line 349))
#10 4.067   Downloading h11-0.16.0-py3-none-any.whl (37 kB)
#10 4.092 Collecting idna==3.18 (from -r /app/backend/requirements.runtime.lock (line 353))
#10 4.112   Downloading idna-3.18-py3-none-any.whl (65 kB)
#10 4.136 Collecting jmespath==1.1.0 (from -r /app/backend/requirements.runtime.lock (line 357))
#10 4.155   Downloading jmespath-1.1.0-py3-none-any.whl (20 kB)
#10 4.182 Collecting mako==1.4.1 (from -r /app/backend/requirements.runtime.lock (line 363))
#10 4.201   Downloading mako-1.4.1-py3-none-any.whl (80 kB)
#10 4.253 Collecting markupsafe==3.0.3 (from -r /app/backend/requirements.runtime.lock (line 367))
#10 4.272   Downloading markupsafe-3.0.3-cp312-cp312-manylinux2014_x86_64.manylinux_2_17_x86_64.manylinux_2_28_x86_64.whl (22 kB)
#10 4.302 Collecting opentelemetry-api==1.44.0 (from -r /app/backend/requirements.runtime.lock (line 458))
#10 4.321   Downloading opentelemetry_api-1.44.0-py3-none-any.whl (60 kB)
#10 4.347 Collecting opentelemetry-exporter-otlp-proto-common==1.44.0 (from -r /app/backend/requirements.runtime.lock (line 469))
#10 4.366   Downloading opentelemetry_exporter_otlp_proto_common-1.44.0-py3-none-any.whl (17 kB)
#10 4.401 Collecting opentelemetry-exporter-otlp-proto-grpc==1.44.0 (from -r /app/backend/requirements.runtime.lock (line 473))
#10 4.419   Downloading opentelemetry_exporter_otlp_proto_grpc-1.44.0-py3-none-any.whl (19 kB)
#10 4.451 Collecting opentelemetry-instrumentation==0.65b0 (from -r /app/backend/requirements.runtime.lock (line 477))
#10 4.470   Downloading opentelemetry_instrumentation-0.65b0-py3-none-any.whl (36 kB)
#10 4.506 Collecting opentelemetry-instrumentation-asgi==0.65b0 (from -r /app/backend/requirements.runtime.lock (line 483))
#10 4.525   Downloading opentelemetry_instrumentation_asgi-0.65b0-py3-none-any.whl (15 kB)
#10 4.556 Collecting opentelemetry-instrumentation-fastapi==0.65b0 (from -r /app/backend/requirements.runtime.lock (line 487))
#10 4.575   Downloading opentelemetry_instrumentation_fastapi-0.65b0-py3-none-any.whl (13 kB)
#10 4.605 Collecting opentelemetry-proto==1.44.0 (from -r /app/backend/requirements.runtime.lock (line 491))
#10 4.624   Downloading opentelemetry_proto-1.44.0-py3-none-any.whl (72 kB)
#10 4.654 Collecting opentelemetry-sdk==1.44.0 (from -r /app/backend/requirements.runtime.lock (line 497))
#10 4.673   Downloading opentelemetry_sdk-1.44.0-py3-none-any.whl (137 kB)
#10 4.703 Collecting opentelemetry-semantic-conventions==0.65b0 (from -r /app/backend/requirements.runtime.lock (line 503))
#10 4.722   Downloading opentelemetry_semantic_conventions-0.65b0-py3-none-any.whl (204 kB)
#10 4.751 Collecting opentelemetry-util-http==0.65b0 (from -r /app/backend/requirements.runtime.lock (line 511))
#10 4.770   Downloading opentelemetry_util_http-0.65b0-py3-none-any.whl (8.2 kB)
#10 4.797 Collecting packaging==26.3 (from -r /app/backend/requirements.runtime.lock (line 517))
#10 4.816   Downloading packaging-26.3-py3-none-any.whl (129 kB)
#10 4.844 Collecting prometheus-client==0.26.0 (from -r /app/backend/requirements.runtime.lock (line 521))
#10 4.863   Downloading prometheus_client-0.26.0-py3-none-any.whl (64 kB)
#10 5.028 Collecting protobuf==7.35.1 (from -r /app/backend/requirements.runtime.lock (line 525))
#10 5.047   Downloading protobuf-7.35.1-cp310-abi3-manylinux2014_x86_64.whl (327 kB)
#10 5.076 Collecting psycopg==3.3.4 (from -r /app/backend/requirements.runtime.lock (line 537))
#10 5.094   Downloading psycopg-3.3.4-py3-none-any.whl (213 kB)
#10 5.239 Collecting psycopg-binary==3.3.4 (from -r /app/backend/requirements.runtime.lock (line 541))
#10 5.259   Downloading psycopg_binary-3.3.4-cp312-cp312-manylinux2014_x86_64.manylinux_2_17_x86_64.whl (5.2 MB)
#10 5.269      ━━━━━━━━━━━━━━━━━━━━━━━━━━━━━━━━━━━━━━━━ 5.2/5.2 MB 636.5 MB/s eta 0:00:00
#10 5.349 Collecting pyarrow==23.0.1 (from -r /app/backend/requirements.runtime.lock (line 598))
#10 5.371   Downloading pyarrow-23.0.1-cp312-cp312-manylinux_2_28_x86_64.whl (47.6 MB)
#10 5.540      ━━━━━━━━━━━━━━━━━━━━━━━━━━━━━━━━━━━━━━━ 47.6/47.6 MB 285.3 MB/s eta 0:00:00
#10 5.604 Collecting pycparser==3.0 (from -r /app/backend/requirements.runtime.lock (line 650))
#10 5.623   Downloading pycparser-3.0-py3-none-any.whl (48 kB)
#10 5.725 Collecting pydantic==2.13.4 (from -r /app/backend/requirements.runtime.lock (line 654))
#10 5.744   Downloading pydantic-2.13.4-py3-none-any.whl (472 kB)
#10 6.328 Collecting pydantic-core==2.46.4 (from -r /app/backend/requirements.runtime.lock (line 660))
#10 6.347   Downloading pydantic_core-2.46.4-cp312-cp312-manylinux_2_17_x86_64.manylinux2014_x86_64.whl (2.1 MB)
#10 6.353      ━━━━━━━━━━━━━━━━━━━━━━━━━━━━━━━━━━━━━━━━ 2.1/2.1 MB 604.3 MB/s eta 0:00:00
#10 6.387 Collecting pyjwt==2.13.0 (from -r /app/backend/requirements.runtime.lock (line 782))
#10 6.409   Downloading pyjwt-2.13.0-py3-none-any.whl (31 kB)
#10 6.450 Collecting pyopenssl==26.4.0 (from -r /app/backend/requirements.runtime.lock (line 786))
#10 6.469   Downloading pyopenssl-26.4.0-py3-none-any.whl (56 kB)
#10 6.498 Collecting python-dateutil==2.9.0.post0 (from -r /app/backend/requirements.runtime.lock (line 792))
#10 6.518   Downloading python_dateutil-2.9.0.post0-py2.py3-none-any.whl (229 kB)
#10 6.563 Collecting pytz==2026.3.post1 (from -r /app/backend/requirements.runtime.lock (line 798))
#10 6.582   Downloading pytz-2026.3.post1-py2.py3-none-any.whl (508 kB)
#10 6.628 Collecting pyyaml==6.0.3 (from -r /app/backend/requirements.runtime.lock (line 802))
#10 6.647   Downloading pyyaml-6.0.3-cp312-cp312-manylinux2014_x86_64.manylinux_2_17_x86_64.manylinux_2_28_x86_64.whl (807 kB)
#10 6.650      ━━━━━━━━━━━━━━━━━━━━━━━━━━━━━━━━━━━━━ 807.9/807.9 kB 749.2 MB/s eta 0:00:00
#10 6.679 Collecting s3transfer==0.19.2 (from -r /app/backend/requirements.runtime.lock (line 877))
#10 6.699   Downloading s3transfer-0.19.2-py3-none-any.whl (90 kB)
#10 6.723 Collecting six==1.17.0 (from -r /app/backend/requirements.runtime.lock (line 881))
#10 6.742   Downloading six-1.17.0-py2.py3-none-any.whl (11 kB)
#10 6.767 Collecting sortedcontainers==2.4.0 (from -r /app/backend/requirements.runtime.lock (line 885))
#10 6.786   Downloading sortedcontainers-2.4.0-py2.py3-none-any.whl (29 kB)
#10 7.068 Collecting sqlalchemy==2.0.51 (from -r /app/backend/requirements.runtime.lock (line 889))
#10 7.087   Downloading sqlalchemy-2.0.51-cp312-cp312-manylinux2014_x86_64.manylinux_2_17_x86_64.manylinux_2_28_x86_64.whl (3.4 MB)
#10 7.097      ━━━━━━━━━━━━━━━━━━━━━━━━━━━━━━━━━━━━━━━━ 3.4/3.4 MB 377.4 MB/s eta 0:00:00
#10 7.147 Collecting starlette==1.5.0 (from -r /app/backend/requirements.runtime.lock (line 951))
#10 7.167   Downloading starlette-1.5.0-py3-none-any.whl (74 kB)
#10 7.196 Collecting typing-extensions==4.16.0 (from -r /app/backend/requirements.runtime.lock (line 957))
#10 7.215   Downloading typing_extensions-4.16.0-py3-none-any.whl (45 kB)
#10 7.237 Collecting typing-inspection==0.4.2 (from -r /app/backend/requirements.runtime.lock (line 977))
#10 7.256   Downloading typing_inspection-0.4.2-py3-none-any.whl (14 kB)
#10 7.289 Collecting urllib3==2.7.0 (from -r /app/backend/requirements.runtime.lock (line 987))
#10 7.308   Downloading urllib3-2.7.0-py3-none-any.whl (131 kB)
#10 7.347 Collecting uvicorn==0.52.1 (from -r /app/backend/requirements.runtime.lock (line 991))
#10 7.366   Downloading uvicorn-0.52.1-py3-none-any.whl (79 kB)
#10 7.604 Collecting wrapt==2.3.0 (from -r /app/backend/requirements.runtime.lock (line 995))
#10 7.623   Downloading wrapt-2.3.0-cp312-cp312-manylinux1_x86_64.manylinux_2_28_x86_64.manylinux_2_5_x86_64.whl (172 kB)
#10 8.352 Installing collected packages: sortedcontainers, pytz, wrapt, urllib3, typing-extensions, six, pyyaml, pyjwt, pycparser, pyarrow, psycopg-binary, protobuf, prometheus-client, packaging, opentelemetry-util-http, markupsafe, jmespath, idna, h11, greenlet, click, asgiref, annotated-types, annotated-doc, aiosqlite, aiofiles, uvicorn, typing-inspection, sqlalchemy, python-dateutil, pydantic-core, psycopg, opentelemetry-proto, opentelemetry-api, mako, grpcio, googleapis-common-protos, cffi, anyio, starlette, pydantic, opentelemetry-semantic-conventions, opentelemetry-exporter-otlp-proto-common, cryptography, botocore, alembic, s3transfer, pyopenssl, opentelemetry-sdk, opentelemetry-instrumentation, fastapi, opentelemetry-instrumentation-asgi, opentelemetry-exporter-otlp-proto-grpc, boto3, asyncua, opentelemetry-instrumentation-fastapi
#10 15.99 Successfully installed aiofiles-25.1.0 aiosqlite-0.22.1 alembic-1.19.0 annotated-doc-0.0.5 annotated-types-0.8.0 anyio-4.14.2 asgiref-3.12.1 asyncua-1.1.8 boto3-1.43.67 botocore-1.43.67 cffi-2.1.1 click-8.4.2 cryptography-50.0.0 fastapi-0.141.1 googleapis-common-protos-1.75.1 greenlet-3.5.4 grpcio-1.83.0 h11-0.16.0 idna-3.18 jmespath-1.1.0 mako-1.4.1 markupsafe-3.0.3 opentelemetry-api-1.44.0 opentelemetry-exporter-otlp-proto-common-1.44.0 opentelemetry-exporter-otlp-proto-grpc-1.44.0 opentelemetry-instrumentation-0.65b0 opentelemetry-instrumentation-asgi-0.65b0 opentelemetry-instrumentation-fastapi-0.65b0 opentelemetry-proto-1.44.0 opentelemetry-sdk-1.44.0 opentelemetry-semantic-conventions-0.65b0 opentelemetry-util-http-0.65b0 packaging-26.3 prometheus-client-0.26.0 protobuf-7.35.1 psycopg-3.3.4 psycopg-binary-3.3.4 pyarrow-23.0.1 pycparser-3.0 pydantic-2.13.4 pydantic-core-2.46.4 pyjwt-2.13.0 pyopenssl-26.4.0 python-dateutil-2.9.0.post0 pytz-2026.3.post1 pyyaml-6.0.3 s3transfer-0.19.2 six-1.17.0 sortedcontainers-2.4.0 sqlalchemy-2.0.51 starlette-1.5.0 typing-extensions-4.16.0 typing-inspection-0.4.2 urllib3-2.7.0 uvicorn-0.52.1 wrapt-2.3.0
#10 15.99 WARNING: Running pip as the 'root' user can result in broken permissions and conflicting behaviour with the system package manager, possibly rendering your system unusable. It is recommended to use a virtual environment instead: https://pip.pypa.io/warnings/venv. Use the --root-user-action option if you know what you are doing and want to suppress this warning.
#10 DONE 16.4s

#11 [6/9] COPY backend/src /app/backend/src
#11 DONE 0.0s

#12 [7/9] COPY services /app/services
#12 DONE 0.0s

#13 [8/9] COPY migrations /app/migrations
#13 DONE 0.0s

#14 [9/9] RUN mkdir -p /app/.runtime && chown -R 65532:65532 /app/.runtime
#14 DONE 0.1s

#15 exporting to image
#15 exporting layers
#15 exporting layers 2.8s done
#15 writing image sha256:c58b53f19e93328296a9a0b128023ede1e0a1a85ee237e0eb49d03f8a2ff4b1d done
#15 naming to docker.io/library/industryshadow-backend:smoke done
#15 DONE 2.8s
#0 building with "default" instance using docker driver

#1 [internal] load build definition from Dockerfile.web
#1 transferring dockerfile: 506B done
#1 DONE 0.0s

#2 [internal] load metadata for docker.io/library/node:24.4.1-alpine3.22@sha256:820e86612c21d0636580206d802a726f2595366e1b867e564cbc652024151e8a
#2 ...

#3 [auth] nginxinc/nginx-unprivileged:pull token for registry-1.docker.io
#3 DONE 0.0s

#4 [auth] library/node:pull token for registry-1.docker.io
#4 DONE 0.0s

#5 [internal] load metadata for docker.io/nginxinc/nginx-unprivileged:1.27.4-alpine3.21@sha256:62a904036bfc0e4a4f2b556e34cbf17bc136b47fde8cdb4628762725f48c5782
#5 ...

#2 [internal] load metadata for docker.io/library/node:24.4.1-alpine3.22@sha256:820e86612c21d0636580206d802a726f2595366e1b867e564cbc652024151e8a
#2 DONE 0.7s

#5 [internal] load metadata for docker.io/nginxinc/nginx-unprivileged:1.27.4-alpine3.21@sha256:62a904036bfc0e4a4f2b556e34cbf17bc136b47fde8cdb4628762725f48c5782
#5 DONE 0.7s

#6 [internal] load .dockerignore
#6 transferring context: 255B done
#6 DONE 0.0s

#7 [internal] load build context
#7 transferring context: 197.94kB 0.0s done
#7 DONE 0.0s

#8 [stage-1 1/3] FROM docker.io/nginxinc/nginx-unprivileged:1.27.4-alpine3.21@sha256:62a904036bfc0e4a4f2b556e34cbf17bc136b47fde8cdb4628762725f48c5782
#8 resolve docker.io/nginxinc/nginx-unprivileged:1.27.4-alpine3.21@sha256:62a904036bfc0e4a4f2b556e34cbf17bc136b47fde8cdb4628762725f48c5782 done
#8 sha256:2211200bb46431bb70f044f83cd989901205ce3232e1c431822876f1fd166689 2.61kB / 2.61kB done
#8 sha256:253caf189e866d40f2f285bb32c6fa13e85962d1d10f4e5c4245a51ef0e4a397 13.81kB / 13.81kB done
#8 sha256:f18232174bc91741fdf3da96d85011092101a032a93a388b79e99e69c2d5c870 0B / 3.64MB 0.1s
#8 sha256:338f368b525c46579c28bc43684f791479fa096565a68bf2f2e99c8e02a5d4dc 0B / 1.79MB 0.1s
#8 sha256:66f3217888c329c781830b0e98389e9cac11a8639d4f5c13a5c6ee5065b28094 0B / 2.80kB 0.1s
#8 sha256:62a904036bfc0e4a4f2b556e34cbf17bc136b47fde8cdb4628762725f48c5782 6.79kB / 6.79kB done
#8 sha256:f18232174bc91741fdf3da96d85011092101a032a93a388b79e99e69c2d5c870 1.05MB / 3.64MB 0.2s
#8 extracting sha256:f18232174bc91741fdf3da96d85011092101a032a93a388b79e99e69c2d5c870
#8 sha256:f18232174bc91741fdf3da96d85011092101a032a93a388b79e99e69c2d5c870 3.64MB / 3.64MB 0.2s done
#8 sha256:338f368b525c46579c28bc43684f791479fa096565a68bf2f2e99c8e02a5d4dc 1.79MB / 1.79MB 0.3s done
#8 sha256:66f3217888c329c781830b0e98389e9cac11a8639d4f5c13a5c6ee5065b28094 2.80kB / 2.80kB 0.2s done
#8 extracting sha256:f18232174bc91741fdf3da96d85011092101a032a93a388b79e99e69c2d5c870 0.1s done
#8 sha256:58b3cef9cb63d3d8a016a3dd9c0d3e84eface8f35cb94a8c6f70c5ea954823c7 628B / 628B 0.3s
#8 extracting sha256:338f368b525c46579c28bc43684f791479fa096565a68bf2f2e99c8e02a5d4dc
#8 sha256:58b3cef9cb63d3d8a016a3dd9c0d3e84eface8f35cb94a8c6f70c5ea954823c7 628B / 628B 0.3s done
#8 extracting sha256:338f368b525c46579c28bc43684f791479fa096565a68bf2f2e99c8e02a5d4dc 0.0s done
#8 extracting sha256:66f3217888c329c781830b0e98389e9cac11a8639d4f5c13a5c6ee5065b28094 done
#8 extracting sha256:58b3cef9cb63d3d8a016a3dd9c0d3e84eface8f35cb94a8c6f70c5ea954823c7 done
#8 sha256:476feb98be5aa75f1ecfbd3f8fd1f4a2217f754673320066003eead7c183b6c8 955B / 955B 0.6s done
#8 sha256:8dc0bf2f87ed2d01101bfcc68a4f43d1e6c834240151dab0b8485571a394ba6d 403B / 403B 0.7s done
#8 extracting sha256:476feb98be5aa75f1ecfbd3f8fd1f4a2217f754673320066003eead7c183b6c8 done
#8 extracting sha256:8dc0bf2f87ed2d01101bfcc68a4f43d1e6c834240151dab0b8485571a394ba6d done
#8 sha256:754fe11f5b9709f6bbab54c993efb7af6fcad3ec30a4ee808a9cbcdb3c4a424a 0B / 1.20kB 0.7s
#8 sha256:0d0e99a311992cd8e2ea36a2671e3929cbcf561dd7454a742d5fab8846f06169 0B / 1.40kB 0.7s
#8 sha256:754fe11f5b9709f6bbab54c993efb7af6fcad3ec30a4ee808a9cbcdb3c4a424a 1.20kB / 1.20kB 0.7s done
#8 sha256:0d0e99a311992cd8e2ea36a2671e3929cbcf561dd7454a742d5fab8846f06169 1.40kB / 1.40kB 0.7s done
#8 extracting sha256:754fe11f5b9709f6bbab54c993efb7af6fcad3ec30a4ee808a9cbcdb3c4a424a done
#8 extracting sha256:0d0e99a311992cd8e2ea36a2671e3929cbcf561dd7454a742d5fab8846f06169 done
#8 sha256:65a1e323309b7e84b76e492b37926eb8f889c82cafe1bc5b5b8a297b7be4b4d8 0B / 15.37MB 0.8s
#8 sha256:65a1e323309b7e84b76e492b37926eb8f889c82cafe1bc5b5b8a297b7be4b4d8 13.63MB / 15.37MB 0.9s
#8 extracting sha256:65a1e323309b7e84b76e492b37926eb8f889c82cafe1bc5b5b8a297b7be4b4d8
#8 sha256:65a1e323309b7e84b76e492b37926eb8f889c82cafe1bc5b5b8a297b7be4b4d8 15.37MB / 15.37MB 0.9s done
#8 extracting sha256:65a1e323309b7e84b76e492b37926eb8f889c82cafe1bc5b5b8a297b7be4b4d8 0.4s done
#8 DONE 1.6s

#9 [build 1/6] FROM docker.io/library/node:24.4.1-alpine3.22@sha256:820e86612c21d0636580206d802a726f2595366e1b867e564cbc652024151e8a
#9 resolve docker.io/library/node:24.4.1-alpine3.22@sha256:820e86612c21d0636580206d802a726f2595366e1b867e564cbc652024151e8a done
#9 sha256:820e86612c21d0636580206d802a726f2595366e1b867e564cbc652024151e8a 3.87kB / 3.87kB done
#9 sha256:2dcd224177d00bd16531c856a4820cd5c6166bfc34369ef4a80fd186f64b5ce3 1.72kB / 1.72kB done
#9 sha256:a09729ad86e09a5a48a1d0acebf535b6bac8b7a6bb9e47e87e90c254da712855 6.42kB / 6.42kB done
#9 sha256:6b9cbc8d638756da0decd88f1ad169e0e4efbc48f7665899596a896ba5e3bc7a 52.88MB / 52.88MB 0.8s done
#9 sha256:9824c27679d3b27c5e1cb00a73adb6f4f8d556994111c12db3c5d61a0c843df8 3.80MB / 3.80MB 0.5s done
#9 sha256:e5712b136af2d052c64ebad6bd9cba73ae6acd8041710dbe78eac1fb6b29b2cd 1.26MB / 1.26MB 0.6s done
#9 extracting sha256:9824c27679d3b27c5e1cb00a73adb6f4f8d556994111c12db3c5d61a0c843df8 0.1s done
#9 sha256:5ecd3eae0a51a75cca5997fc55ddc8f89936c97937ded1b0f53c36b4ad5912ae 444B / 444B 0.6s done
#9 extracting sha256:6b9cbc8d638756da0decd88f1ad169e0e4efbc48f7665899596a896ba5e3bc7a 0.9s
#9 extracting sha256:6b9cbc8d638756da0decd88f1ad169e0e4efbc48f7665899596a896ba5e3bc7a 1.4s done
#9 extracting sha256:e5712b136af2d052c64ebad6bd9cba73ae6acd8041710dbe78eac1fb6b29b2cd
#9 extracting sha256:e5712b136af2d052c64ebad6bd9cba73ae6acd8041710dbe78eac1fb6b29b2cd 0.0s done
#9 extracting sha256:5ecd3eae0a51a75cca5997fc55ddc8f89936c97937ded1b0f53c36b4ad5912ae done
#9 DONE 2.3s

#10 [build 2/6] WORKDIR /app
#10 DONE 0.0s

#11 [build 3/6] COPY web/package.json web/package-lock.json* ./
#11 DONE 0.0s

#12 [build 4/6] RUN npm ci --ignore-scripts
#12 3.392
#12 3.392 added 159 packages, and audited 160 packages in 3s
#12 3.392
#12 3.393 23 packages are looking for funding
#12 3.393   run `npm fund` for details
#12 3.394
#12 3.394 found 0 vulnerabilities
#12 3.395 npm notice
#12 3.395 npm notice New minor version of npm available! 11.4.2 -> 11.19.0
#12 3.395 npm notice Changelog: https://github.com/npm/cli/releases/tag/v11.19.0
#12 3.395 npm notice To update run: npm install -g npm@11.19.0
#12 3.395 npm notice
#12 DONE 3.5s

#13 [build 5/6] COPY web/ .
#13 DONE 0.1s

#14 [build 6/6] RUN npm run build
#14 0.291
#14 0.291 > industrial-shadow-sandbox-web@0.1.0 build
#14 0.291 > vue-tsc --noEmit && vite build
#14 0.291
#14 8.379 vite v6.4.3 building for production...
#14 8.519 transforming...
#14 9.639 ✓ 138 modules transformed.
#14 9.727 rendering chunks...
#14 9.783 computing gzip size...
#14 9.793 dist/index.html                                                           0.41 kB │ gzip:  0.28 kB
#14 9.793 dist/assets/index-CcSv7R7k.css                                            5.34 kB │ gzip:  1.80 kB
#14 9.793 dist/assets/AsyncState.vue_vue_type_script_setup_true_lang-B3w9A3h4.js    0.57 kB │ gzip:  0.34 kB
#14 9.793 dist/assets/NotFound-rO5N5KA6.js                                          0.57 kB │ gzip:  0.40 kB
#14 9.793 dist/assets/AuthCallback-BNSBEQVm.js                                      0.71 kB │ gzip:  0.48 kB
#14 9.793 dist/assets/AdminView-D8BVT9jA.js                                         1.13 kB │ gzip:  0.67 kB
#14 9.793 dist/assets/EdgeView-SDl1sASI.js                                          1.33 kB │ gzip:  0.79 kB
#14 9.793 dist/assets/ApprovalsView-8SgoKRBG.js                                     1.39 kB │ gzip:  0.78 kB
#14 9.794 dist/assets/ImportsView-CUhGrXI6.js                                       1.42 kB │ gzip:  0.82 kB
#14 9.794 dist/assets/ScenariosView-GRtd1HMz.js                                     1.48 kB │ gzip:  0.84 kB
#14 9.794 dist/assets/SystemHome-BLVgkVx7.js                                        1.79 kB │ gzip:  1.01 kB
#14 9.794 dist/assets/EvaluationView-CSSpgrlV.js                                    1.87 kB │ gzip:  0.95 kB
#14 9.794 dist/assets/AssetsView-CUsiBDuu.js                                        1.91 kB │ gzip:  0.96 kB
#14 9.794 dist/assets/DiagnosisView-C2edUfBA.js                                     1.96 kB │ gzip:  1.00 kB
#14 9.794 dist/assets/RunsView-Cx7GgqAv.js                                          2.06 kB │ gzip:  1.06 kB
#14 9.794 dist/assets/index-NtbJyQeu.js                                           139.16 kB │ gzip: 52.09 kB
#14 9.794 ✓ built in 1.38s
#14 DONE 9.9s

#15 [stage-1 2/3] COPY --from=build /app/dist /usr/share/nginx/html
#15 DONE 0.0s

#16 [stage-1 3/3] COPY deploy/compose/nginx.conf /etc/nginx/conf.d/default.conf
#16 DONE 0.0s

#17 exporting to image
#17 exporting layers 0.1s done
#17 writing image sha256:f1d8b68103d2b030cabbc93f41c446f8549ccaad8b1f2898651a862cfb0dc3dd done
#17 naming to docker.io/library/industryshadow-web:smoke done
#17 DONE 0.1s
Backend and web images passed non-root, read-only runtime, health, OpenAPI, candidate-digest, security-header, and source-map denial checks.
